Analysis & Synthesis report for IITB-Proc
Thu May 20 21:36:59 2021
Quartus Prime Version 20.1.0 Build 711 06/05/2020 SJ Lite Edition


---------------------
; Table of Contents ;
---------------------
  1. Legal Notice
  2. Analysis & Synthesis Summary
  3. Analysis & Synthesis Settings
  4. Parallel Compilation
  5. Analysis & Synthesis Source Files Read
  6. Analysis & Synthesis Resource Usage Summary
  7. Analysis & Synthesis Resource Utilization by Entity
  8. User-Specified and Inferred Latches
  9. Registers Removed During Synthesis
 10. General Register Statistics
 11. Multiplexer Restructuring Statistics (Restructuring Performed)
 12. Analysis & Synthesis Messages



----------------
; Legal Notice ;
----------------
Copyright (C) 2020  Intel Corporation. All rights reserved.
Your use of Intel Corporation's design tools, logic functions 
and other software and tools, and any partner logic 
functions, and any output files from any of the foregoing 
(including device programming or simulation files), and any 
associated documentation or information are expressly subject 
to the terms and conditions of the Intel Program License 
Subscription Agreement, the Intel Quartus Prime License Agreement,
the Intel FPGA IP License Agreement, or other applicable license
agreement, including, without limitation, that your use is for
the sole purpose of programming logic devices manufactured by
Intel and sold by Intel or its authorized distributors.  Please
refer to the applicable agreement for further details, at
https://fpgasoftware.intel.com/eula.



+---------------------------------------------------------------------------+
; Analysis & Synthesis Summary                                              ;
+-----------------------------+---------------------------------------------+
; Analysis & Synthesis Status ; Successful - Thu May 20 21:36:59 2021       ;
; Quartus Prime Version       ; 20.1.0 Build 711 06/05/2020 SJ Lite Edition ;
; Revision Name               ; IITB-Proc                                   ;
; Top-level Entity Name       ; IITBProc                                    ;
; Family                      ; MAX V                                       ;
; Total logic elements        ; 17,340                                      ;
; Total pins                  ; 147                                         ;
; Total virtual pins          ; 0                                           ;
; UFM blocks                  ; 0 / 1 ( 0 % )                               ;
+-----------------------------+---------------------------------------------+


+------------------------------------------------------------------------------------------------------------+
; Analysis & Synthesis Settings                                                                              ;
+------------------------------------------------------------------+--------------------+--------------------+
; Option                                                           ; Setting            ; Default Value      ;
+------------------------------------------------------------------+--------------------+--------------------+
; Top-level entity name                                            ; IITBProc           ; IITB-Proc          ;
; Family name                                                      ; MAX V              ; Cyclone V          ;
; Use smart compilation                                            ; Off                ; Off                ;
; Enable parallel Assembler and Timing Analyzer during compilation ; On                 ; On                 ;
; Enable compact report table                                      ; Off                ; Off                ;
; Restructure Multiplexers                                         ; Auto               ; Auto               ;
; Create Debugging Nodes for IP Cores                              ; Off                ; Off                ;
; Preserve fewer node names                                        ; On                 ; On                 ;
; Intel FPGA IP Evaluation Mode                                    ; Enable             ; Enable             ;
; Verilog Version                                                  ; Verilog_2001       ; Verilog_2001       ;
; VHDL Version                                                     ; VHDL_1993          ; VHDL_1993          ;
; State Machine Processing                                         ; Auto               ; Auto               ;
; Safe State Machine                                               ; Off                ; Off                ;
; Extract Verilog State Machines                                   ; On                 ; On                 ;
; Extract VHDL State Machines                                      ; On                 ; On                 ;
; Ignore Verilog initial constructs                                ; Off                ; Off                ;
; Iteration limit for constant Verilog loops                       ; 5000               ; 5000               ;
; Iteration limit for non-constant Verilog loops                   ; 250                ; 250                ;
; Add Pass-Through Logic to Inferred RAMs                          ; On                 ; On                 ;
; Infer RAMs from Raw Logic                                        ; On                 ; On                 ;
; Parallel Synthesis                                               ; On                 ; On                 ;
; NOT Gate Push-Back                                               ; On                 ; On                 ;
; Power-Up Don't Care                                              ; On                 ; On                 ;
; Remove Redundant Logic Cells                                     ; Off                ; Off                ;
; Remove Duplicate Registers                                       ; On                 ; On                 ;
; Ignore CARRY Buffers                                             ; Off                ; Off                ;
; Ignore CASCADE Buffers                                           ; Off                ; Off                ;
; Ignore GLOBAL Buffers                                            ; Off                ; Off                ;
; Ignore ROW GLOBAL Buffers                                        ; Off                ; Off                ;
; Ignore LCELL Buffers                                             ; Off                ; Off                ;
; Ignore SOFT Buffers                                              ; On                 ; On                 ;
; Limit AHDL Integers to 32 Bits                                   ; Off                ; Off                ;
; Optimization Technique                                           ; Balanced           ; Balanced           ;
; Carry Chain Length                                               ; 70                 ; 70                 ;
; Auto Carry Chains                                                ; On                 ; On                 ;
; Auto Open-Drain Pins                                             ; On                 ; On                 ;
; Perform WYSIWYG Primitive Resynthesis                            ; Off                ; Off                ;
; Auto Shift Register Replacement                                  ; Auto               ; Auto               ;
; Allow Shift Register Merging across Hierarchies                  ; Auto               ; Auto               ;
; Auto Clock Enable Replacement                                    ; On                 ; On                 ;
; Allow Synchronous Control Signals                                ; On                 ; On                 ;
; Force Use of Synchronous Clear Signals                           ; Off                ; Off                ;
; Auto Resource Sharing                                            ; Off                ; Off                ;
; Use LogicLock Constraints during Resource Balancing              ; On                 ; On                 ;
; Ignore translate_off and synthesis_off directives                ; Off                ; Off                ;
; Report Parameter Settings                                        ; On                 ; On                 ;
; Report Source Assignments                                        ; On                 ; On                 ;
; Report Connectivity Checks                                       ; On                 ; On                 ;
; Ignore Maximum Fan-Out Assignments                               ; Off                ; Off                ;
; Synchronization Register Chain Length                            ; 2                  ; 2                  ;
; Power Optimization During Synthesis                              ; Normal compilation ; Normal compilation ;
; HDL message level                                                ; Level2             ; Level2             ;
; Suppress Register Optimization Related Messages                  ; Off                ; Off                ;
; Number of Removed Registers Reported in Synthesis Report         ; 5000               ; 5000               ;
; Number of Swept Nodes Reported in Synthesis Report               ; 5000               ; 5000               ;
; Number of Inverted Registers Reported in Synthesis Report        ; 100                ; 100                ;
; Clock MUX Protection                                             ; On                 ; On                 ;
; Block Design Naming                                              ; Auto               ; Auto               ;
; Synthesis Effort                                                 ; Auto               ; Auto               ;
; Shift Register Replacement - Allow Asynchronous Clear Signal     ; On                 ; On                 ;
; Analysis & Synthesis Message Level                               ; Medium             ; Medium             ;
; Disable Register Merging Across Hierarchies                      ; Auto               ; Auto               ;
+------------------------------------------------------------------+--------------------+--------------------+


+------------------------------------------+
; Parallel Compilation                     ;
+----------------------------+-------------+
; Processors                 ; Number      ;
+----------------------------+-------------+
; Number detected on machine ; 8           ;
; Maximum allowed            ; 4           ;
;                            ;             ;
; Average used               ; 1.00        ;
; Maximum used               ; 1           ;
;                            ;             ;
; Usage by Processor         ; % Time Used ;
;     Processor 1            ; 100.0%      ;
+----------------------------+-------------+


+-------------------------------------------------------------------------------------------------------------------------------------------------------------------+
; Analysis & Synthesis Source Files Read                                                                                                                            ;
+----------------------------------+-----------------+-----------------+----------------------------------------------------------------------------------+---------+
; File Name with User-Entered Path ; Used in Netlist ; File Type       ; File Name with Absolute Path                                                     ; Library ;
+----------------------------------+-----------------+-----------------+----------------------------------------------------------------------------------+---------+
; RegisterFile.vhd                 ; yes             ; User VHDL File  ; /home/burixzura/acads/CS 254/Project/GitHub/IITB-Proc/IITB-Proc/RegisterFile.vhd ;         ;
; Memory.vhd                       ; yes             ; User VHDL File  ; /home/burixzura/acads/CS 254/Project/GitHub/IITB-Proc/IITB-Proc/Memory.vhd       ;         ;
; ALU.vhd                          ; yes             ; User VHDL File  ; /home/burixzura/acads/CS 254/Project/GitHub/IITB-Proc/IITB-Proc/ALU.vhd          ;         ;
; IITBProc.vhd                     ; yes             ; User VHDL File  ; /home/burixzura/acads/CS 254/Project/GitHub/IITB-Proc/IITB-Proc/IITBProc.vhd     ;         ;
; utilities.vhd                    ; yes             ; User VHDL File  ; /home/burixzura/acads/CS 254/Project/GitHub/IITB-Proc/IITB-Proc/utilities.vhd    ;         ;
+----------------------------------+-----------------+-----------------+----------------------------------------------------------------------------------+---------+


+----------------------------------------------------------+
; Analysis & Synthesis Resource Usage Summary              ;
+---------------------------------------------+------------+
; Resource                                    ; Usage      ;
+---------------------------------------------+------------+
; Total logic elements                        ; 17340      ;
;     -- Combinational with no register       ; 17205      ;
;     -- Register only                        ; 20         ;
;     -- Combinational with a register        ; 115        ;
;                                             ;            ;
; Logic element usage by number of LUT inputs ;            ;
;     -- 4 input functions                    ; 6929       ;
;     -- 3 input functions                    ; 10343      ;
;     -- 2 input functions                    ; 47         ;
;     -- 1 input functions                    ; 1          ;
;     -- 0 input functions                    ; 0          ;
;                                             ;            ;
; Logic elements by mode                      ;            ;
;     -- normal mode                          ; 17302      ;
;     -- arithmetic mode                      ; 38         ;
;     -- qfbk mode                            ; 0          ;
;     -- register cascade mode                ; 0          ;
;     -- synchronous clear/load mode          ; 41         ;
;     -- asynchronous clear/load mode         ; 0          ;
;                                             ;            ;
; Total registers                             ; 135        ;
; Total logic cells in carry chains           ; 41         ;
; I/O pins                                    ; 147        ;
; Maximum fan-out node                        ; MemAddr[0] ;
; Maximum fan-out                             ; 1589       ;
; Total fan-out                               ; 59327      ;
; Average fan-out                             ; 3.39       ;
+---------------------------------------------+------------+


+------------------------------------------------------------------------------------------------------------------------------------------------------------------------------------------------------------------------------------------------------+
; Analysis & Synthesis Resource Utilization by Entity                                                                                                                                                                                                  ;
+-----------------------------+---------------+--------------+------------+------+--------------+---------------+-------------------+------------------+-----------------+------------+----------------------------------+--------------+--------------+
; Compilation Hierarchy Node  ; Logic Cells   ; LC Registers ; UFM Blocks ; Pins ; Virtual Pins ; LUT-Only LCs  ; Register-Only LCs ; LUT/Register LCs ; Carry Chain LCs ; Packed LCs ; Full Hierarchy Name              ; Entity Name  ; Library Name ;
+-----------------------------+---------------+--------------+------------+------+--------------+---------------+-------------------+------------------+-----------------+------------+----------------------------------+--------------+--------------+
; |IITBProc                   ; 17340 (985)   ; 135          ; 0          ; 147  ; 0            ; 17205 (850)   ; 20 (20)           ; 115 (115)        ; 41 (25)         ; 0 (0)      ; |IITBProc                        ; IITBProc     ; work         ;
;    |ALU:Arithmetic|         ; 32 (32)       ; 0            ; 0          ; 0    ; 0            ; 32 (32)       ; 0 (0)             ; 0 (0)            ; 16 (16)         ; 0 (0)      ; |IITBProc|ALU:Arithmetic         ; ALU          ; work         ;
;    |Memory:RAM|             ; 16043 (16043) ; 0            ; 0          ; 0    ; 0            ; 16043 (16043) ; 0 (0)             ; 0 (0)            ; 0 (0)           ; 0 (0)      ; |IITBProc|Memory:RAM             ; Memory       ; work         ;
;    |RegisterFile:Registers| ; 280 (280)     ; 0            ; 0          ; 0    ; 0            ; 280 (280)     ; 0 (0)             ; 0 (0)            ; 0 (0)           ; 0 (0)      ; |IITBProc|RegisterFile:Registers ; RegisterFile ; work         ;
+-----------------------------+---------------+--------------+------------+------+--------------+---------------+-------------------+------------------+-----------------+------------+----------------------------------+--------------+--------------+
Note: For table entries with two numbers listed, the numbers in parentheses indicate the number of resources of the given type used by the specific entity alone. The numbers listed outside of parentheses indicate the total resources of the given type used by the specific entity and all of its sub-entities in the hierarchy.


+------------------------------------------------------------------------------------------------------------------+
; User-Specified and Inferred Latches                                                                              ;
+-------------------------------------------------------+---------------------------------+------------------------+
; Latch Name                                            ; Latch Enable Signal             ; Free of Timing Hazards ;
+-------------------------------------------------------+---------------------------------+------------------------+
; RegisterFile:Registers|store[7][0]                    ; RegisterFile:Registers|Decoder0 ; yes                    ;
; RegisterFile:Registers|store[7][1]                    ; RegisterFile:Registers|Decoder0 ; yes                    ;
; RegisterFile:Registers|store[7][2]                    ; RegisterFile:Registers|Decoder0 ; yes                    ;
; RegisterFile:Registers|store[7][3]                    ; RegisterFile:Registers|Decoder0 ; yes                    ;
; RegisterFile:Registers|store[7][4]                    ; RegisterFile:Registers|Decoder0 ; yes                    ;
; RegisterFile:Registers|store[7][5]                    ; RegisterFile:Registers|Decoder0 ; yes                    ;
; RegisterFile:Registers|store[7][6]                    ; RegisterFile:Registers|Decoder0 ; yes                    ;
; RegisterFile:Registers|store[7][7]                    ; RegisterFile:Registers|Decoder0 ; yes                    ;
; RegisterFile:Registers|store[7][8]                    ; RegisterFile:Registers|Decoder0 ; yes                    ;
; RegisterFile:Registers|store[7][9]                    ; RegisterFile:Registers|Decoder0 ; yes                    ;
; RegisterFile:Registers|store[7][10]                   ; RegisterFile:Registers|Decoder0 ; yes                    ;
; RegisterFile:Registers|store[7][11]                   ; RegisterFile:Registers|Decoder0 ; yes                    ;
; RegisterFile:Registers|store[7][12]                   ; RegisterFile:Registers|Decoder0 ; yes                    ;
; RegisterFile:Registers|store[7][13]                   ; RegisterFile:Registers|Decoder0 ; yes                    ;
; RegisterFile:Registers|store[7][14]                   ; RegisterFile:Registers|Decoder0 ; yes                    ;
; RegisterFile:Registers|store[7][15]                   ; RegisterFile:Registers|Decoder0 ; yes                    ;
; RegisterFile:Registers|store[6][0]                    ; RegisterFile:Registers|Decoder0 ; yes                    ;
; RegisterFile:Registers|store[6][1]                    ; RegisterFile:Registers|Decoder0 ; yes                    ;
; RegisterFile:Registers|store[6][2]                    ; RegisterFile:Registers|Decoder0 ; yes                    ;
; RegisterFile:Registers|store[6][3]                    ; RegisterFile:Registers|Decoder0 ; yes                    ;
; RegisterFile:Registers|store[6][4]                    ; RegisterFile:Registers|Decoder0 ; yes                    ;
; RegisterFile:Registers|store[6][5]                    ; RegisterFile:Registers|Decoder0 ; yes                    ;
; RegisterFile:Registers|store[6][6]                    ; RegisterFile:Registers|Decoder0 ; yes                    ;
; RegisterFile:Registers|store[6][7]                    ; RegisterFile:Registers|Decoder0 ; yes                    ;
; RegisterFile:Registers|store[6][8]                    ; RegisterFile:Registers|Decoder0 ; yes                    ;
; RegisterFile:Registers|store[6][9]                    ; RegisterFile:Registers|Decoder0 ; yes                    ;
; RegisterFile:Registers|store[6][10]                   ; RegisterFile:Registers|Decoder0 ; yes                    ;
; RegisterFile:Registers|store[6][11]                   ; RegisterFile:Registers|Decoder0 ; yes                    ;
; RegisterFile:Registers|store[6][12]                   ; RegisterFile:Registers|Decoder0 ; yes                    ;
; RegisterFile:Registers|store[6][13]                   ; RegisterFile:Registers|Decoder0 ; yes                    ;
; RegisterFile:Registers|store[6][14]                   ; RegisterFile:Registers|Decoder0 ; yes                    ;
; RegisterFile:Registers|store[6][15]                   ; RegisterFile:Registers|Decoder0 ; yes                    ;
; RegisterFile:Registers|store[5][0]                    ; RegisterFile:Registers|Decoder0 ; yes                    ;
; RegisterFile:Registers|store[5][1]                    ; RegisterFile:Registers|Decoder0 ; yes                    ;
; RegisterFile:Registers|store[5][2]                    ; RegisterFile:Registers|Decoder0 ; yes                    ;
; RegisterFile:Registers|store[5][3]                    ; RegisterFile:Registers|Decoder0 ; yes                    ;
; RegisterFile:Registers|store[5][4]                    ; RegisterFile:Registers|Decoder0 ; yes                    ;
; RegisterFile:Registers|store[5][5]                    ; RegisterFile:Registers|Decoder0 ; yes                    ;
; RegisterFile:Registers|store[5][6]                    ; RegisterFile:Registers|Decoder0 ; yes                    ;
; RegisterFile:Registers|store[5][7]                    ; RegisterFile:Registers|Decoder0 ; yes                    ;
; RegisterFile:Registers|store[5][8]                    ; RegisterFile:Registers|Decoder0 ; yes                    ;
; RegisterFile:Registers|store[5][9]                    ; RegisterFile:Registers|Decoder0 ; yes                    ;
; RegisterFile:Registers|store[5][10]                   ; RegisterFile:Registers|Decoder0 ; yes                    ;
; RegisterFile:Registers|store[5][11]                   ; RegisterFile:Registers|Decoder0 ; yes                    ;
; RegisterFile:Registers|store[5][12]                   ; RegisterFile:Registers|Decoder0 ; yes                    ;
; RegisterFile:Registers|store[5][13]                   ; RegisterFile:Registers|Decoder0 ; yes                    ;
; RegisterFile:Registers|store[5][14]                   ; RegisterFile:Registers|Decoder0 ; yes                    ;
; RegisterFile:Registers|store[5][15]                   ; RegisterFile:Registers|Decoder0 ; yes                    ;
; RegisterFile:Registers|store[4][0]                    ; RegisterFile:Registers|Decoder0 ; yes                    ;
; RegisterFile:Registers|store[4][1]                    ; RegisterFile:Registers|Decoder0 ; yes                    ;
; RegisterFile:Registers|store[4][2]                    ; RegisterFile:Registers|Decoder0 ; yes                    ;
; RegisterFile:Registers|store[4][3]                    ; RegisterFile:Registers|Decoder0 ; yes                    ;
; RegisterFile:Registers|store[4][4]                    ; RegisterFile:Registers|Decoder0 ; yes                    ;
; RegisterFile:Registers|store[4][5]                    ; RegisterFile:Registers|Decoder0 ; yes                    ;
; RegisterFile:Registers|store[4][6]                    ; RegisterFile:Registers|Decoder0 ; yes                    ;
; RegisterFile:Registers|store[4][7]                    ; RegisterFile:Registers|Decoder0 ; yes                    ;
; RegisterFile:Registers|store[4][8]                    ; RegisterFile:Registers|Decoder0 ; yes                    ;
; RegisterFile:Registers|store[4][9]                    ; RegisterFile:Registers|Decoder0 ; yes                    ;
; RegisterFile:Registers|store[4][10]                   ; RegisterFile:Registers|Decoder0 ; yes                    ;
; RegisterFile:Registers|store[4][11]                   ; RegisterFile:Registers|Decoder0 ; yes                    ;
; RegisterFile:Registers|store[4][12]                   ; RegisterFile:Registers|Decoder0 ; yes                    ;
; RegisterFile:Registers|store[4][13]                   ; RegisterFile:Registers|Decoder0 ; yes                    ;
; RegisterFile:Registers|store[4][14]                   ; RegisterFile:Registers|Decoder0 ; yes                    ;
; RegisterFile:Registers|store[4][15]                   ; RegisterFile:Registers|Decoder0 ; yes                    ;
; RegisterFile:Registers|store[3][0]                    ; RegisterFile:Registers|Decoder0 ; yes                    ;
; RegisterFile:Registers|store[3][1]                    ; RegisterFile:Registers|Decoder0 ; yes                    ;
; RegisterFile:Registers|store[3][2]                    ; RegisterFile:Registers|Decoder0 ; yes                    ;
; RegisterFile:Registers|store[3][3]                    ; RegisterFile:Registers|Decoder0 ; yes                    ;
; RegisterFile:Registers|store[3][4]                    ; RegisterFile:Registers|Decoder0 ; yes                    ;
; RegisterFile:Registers|store[3][5]                    ; RegisterFile:Registers|Decoder0 ; yes                    ;
; RegisterFile:Registers|store[3][6]                    ; RegisterFile:Registers|Decoder0 ; yes                    ;
; RegisterFile:Registers|store[3][7]                    ; RegisterFile:Registers|Decoder0 ; yes                    ;
; RegisterFile:Registers|store[3][8]                    ; RegisterFile:Registers|Decoder0 ; yes                    ;
; RegisterFile:Registers|store[3][9]                    ; RegisterFile:Registers|Decoder0 ; yes                    ;
; RegisterFile:Registers|store[3][10]                   ; RegisterFile:Registers|Decoder0 ; yes                    ;
; RegisterFile:Registers|store[3][11]                   ; RegisterFile:Registers|Decoder0 ; yes                    ;
; RegisterFile:Registers|store[3][12]                   ; RegisterFile:Registers|Decoder0 ; yes                    ;
; RegisterFile:Registers|store[3][13]                   ; RegisterFile:Registers|Decoder0 ; yes                    ;
; RegisterFile:Registers|store[3][14]                   ; RegisterFile:Registers|Decoder0 ; yes                    ;
; RegisterFile:Registers|store[3][15]                   ; RegisterFile:Registers|Decoder0 ; yes                    ;
; RegisterFile:Registers|store[2][0]                    ; RegisterFile:Registers|Decoder0 ; yes                    ;
; RegisterFile:Registers|store[2][1]                    ; RegisterFile:Registers|Decoder0 ; yes                    ;
; RegisterFile:Registers|store[2][2]                    ; RegisterFile:Registers|Decoder0 ; yes                    ;
; RegisterFile:Registers|store[2][3]                    ; RegisterFile:Registers|Decoder0 ; yes                    ;
; RegisterFile:Registers|store[2][4]                    ; RegisterFile:Registers|Decoder0 ; yes                    ;
; RegisterFile:Registers|store[2][5]                    ; RegisterFile:Registers|Decoder0 ; yes                    ;
; RegisterFile:Registers|store[2][6]                    ; RegisterFile:Registers|Decoder0 ; yes                    ;
; RegisterFile:Registers|store[2][7]                    ; RegisterFile:Registers|Decoder0 ; yes                    ;
; RegisterFile:Registers|store[2][8]                    ; RegisterFile:Registers|Decoder0 ; yes                    ;
; RegisterFile:Registers|store[2][9]                    ; RegisterFile:Registers|Decoder0 ; yes                    ;
; RegisterFile:Registers|store[2][10]                   ; RegisterFile:Registers|Decoder0 ; yes                    ;
; RegisterFile:Registers|store[2][11]                   ; RegisterFile:Registers|Decoder0 ; yes                    ;
; RegisterFile:Registers|store[2][12]                   ; RegisterFile:Registers|Decoder0 ; yes                    ;
; RegisterFile:Registers|store[2][13]                   ; RegisterFile:Registers|Decoder0 ; yes                    ;
; RegisterFile:Registers|store[2][14]                   ; RegisterFile:Registers|Decoder0 ; yes                    ;
; RegisterFile:Registers|store[2][15]                   ; RegisterFile:Registers|Decoder0 ; yes                    ;
; RegisterFile:Registers|store[1][0]                    ; RegisterFile:Registers|Decoder0 ; yes                    ;
; RegisterFile:Registers|store[1][1]                    ; RegisterFile:Registers|Decoder0 ; yes                    ;
; RegisterFile:Registers|store[1][2]                    ; RegisterFile:Registers|Decoder0 ; yes                    ;
; RegisterFile:Registers|store[1][3]                    ; RegisterFile:Registers|Decoder0 ; yes                    ;
; Number of user-specified and inferred latches = 9728  ;                                 ;                        ;
+-------------------------------------------------------+---------------------------------+------------------------+
Table restricted to first 100 entries. Note: All latches listed above may not be present at the end of synthesis due to various synthesis optimizations.


+------------------------------------------------------------+
; Registers Removed During Synthesis                         ;
+---------------------------------------+--------------------+
; Register name                         ; Reason for Removal ;
+---------------------------------------+--------------------+
; loadAddr[10..15]                      ; Lost fanout        ;
; Total Number of Removed Registers = 6 ;                    ;
+---------------------------------------+--------------------+


+------------------------------------------------------+
; General Register Statistics                          ;
+----------------------------------------------+-------+
; Statistic                                    ; Value ;
+----------------------------------------------+-------+
; Total registers                              ; 135   ;
; Number of registers using Synchronous Clear  ; 1     ;
; Number of registers using Synchronous Load   ; 40    ;
; Number of registers using Asynchronous Clear ; 0     ;
; Number of registers using Asynchronous Load  ; 0     ;
; Number of registers using Clock Enable       ; 124   ;
; Number of registers using Preset             ; 0     ;
+----------------------------------------------+-------+


+------------------------------------------------------------------------------------------------------------------------------------------------------+
; Multiplexer Restructuring Statistics (Restructuring Performed)                                                                                       ;
+--------------------+-----------+---------------+----------------------+------------------------+------------+----------------------------------------+
; Multiplexer Inputs ; Bus Width ; Baseline Area ; Area if Restructured ; Saving if Restructured ; Registered ; Example Multiplexer Output             ;
+--------------------+-----------+---------------+----------------------+------------------------+------------+----------------------------------------+
; 3:1                ; 16 bits   ; 32 LEs        ; 16 LEs               ; 16 LEs                 ; Yes        ; |IITBProc|MemDataIn[15]                ;
; 6:1                ; 3 bits    ; 12 LEs        ; 6 LEs                ; 6 LEs                  ; Yes        ; |IITBProc|addB[2]                      ;
; 35:1               ; 7 bits    ; 161 LEs       ; 14 LEs               ; 147 LEs                ; Yes        ; |IITBProc|DataC[0]                     ;
; 35:1               ; 9 bits    ; 207 LEs       ; 18 LEs               ; 189 LEs                ; Yes        ; |IITBProc|DataC[9]                     ;
; 21:1               ; 5 bits    ; 70 LEs        ; 10 LEs               ; 60 LEs                 ; Yes        ; |IITBProc|opB[0]                       ;
; 10:1               ; 16 bits   ; 96 LEs        ; 32 LEs               ; 64 LEs                 ; Yes        ; |IITBProc|PC[0]                        ;
; 10:1               ; 10 bits   ; 60 LEs        ; 20 LEs               ; 40 LEs                 ; Yes        ; |IITBProc|MemAddr[8]                   ;
; 16:1               ; 3 bits    ; 30 LEs        ; 6 LEs                ; 24 LEs                 ; Yes        ; |IITBProc|addC[1]                      ;
; 18:1               ; 11 bits   ; 132 LEs       ; 22 LEs               ; 110 LEs                ; Yes        ; |IITBProc|opB[6]                       ;
; 18:1               ; 16 bits   ; 192 LEs       ; 32 LEs               ; 160 LEs                ; Yes        ; |IITBProc|opA[9]                       ;
; 8:1                ; 16 bits   ; 80 LEs        ; 80 LEs               ; 0 LEs                  ; No         ; |IITBProc|RegisterFile:Registers|Mux5  ;
; 8:1                ; 16 bits   ; 80 LEs        ; 80 LEs               ; 0 LEs                  ; No         ; |IITBProc|RegisterFile:Registers|Mux29 ;
+--------------------+-----------+---------------+----------------------+------------------------+------------+----------------------------------------+


+-------------------------------+
; Analysis & Synthesis Messages ;
+-------------------------------+
Info: *******************************************************************
Info: Running Quartus Prime Analysis & Synthesis
    Info: Version 20.1.0 Build 711 06/05/2020 SJ Lite Edition
    Info: Processing started: Thu May 20 21:36:41 2021
Info: Command: quartus_map --read_settings_files=on --write_settings_files=off IITB-Proc -c IITB-Proc
Warning (18236): Number of processors has not been specified which may cause overloading on shared machines.  Set the global assignment NUM_PARALLEL_PROCESSORS in your QSF to an appropriate value for best performance.
Info (20030): Parallel compilation is enabled and will use 4 of the 4 processors detected
Info (12021): Found 2 design units, including 1 entities, in source file RegisterFile.vhd
    Info (12022): Found design unit 1: RegisterFile-arch File: /home/burixzura/acads/CS 254/Project/GitHub/IITB-Proc/IITB-Proc/RegisterFile.vhd Line: 19
    Info (12023): Found entity 1: RegisterFile File: /home/burixzura/acads/CS 254/Project/GitHub/IITB-Proc/IITB-Proc/RegisterFile.vhd Line: 7
Info (12021): Found 2 design units, including 1 entities, in source file Memory.vhd
    Info (12022): Found design unit 1: Memory-arch File: /home/burixzura/acads/CS 254/Project/GitHub/IITB-Proc/IITB-Proc/Memory.vhd Line: 13
    Info (12023): Found entity 1: Memory File: /home/burixzura/acads/CS 254/Project/GitHub/IITB-Proc/IITB-Proc/Memory.vhd Line: 5
Info (12021): Found 2 design units, including 1 entities, in source file ALU.vhd
    Info (12022): Found design unit 1: ALU-arch File: /home/burixzura/acads/CS 254/Project/GitHub/IITB-Proc/IITB-Proc/ALU.vhd Line: 13
    Info (12023): Found entity 1: ALU File: /home/burixzura/acads/CS 254/Project/GitHub/IITB-Proc/IITB-Proc/ALU.vhd Line: 5
Info (12021): Found 2 design units, including 1 entities, in source file IITBProc.vhd
    Info (12022): Found design unit 1: IITBProc-arch File: /home/burixzura/acads/CS 254/Project/GitHub/IITB-Proc/IITB-Proc/IITBProc.vhd Line: 15
    Info (12023): Found entity 1: IITBProc File: /home/burixzura/acads/CS 254/Project/GitHub/IITB-Proc/IITB-Proc/IITBProc.vhd Line: 7
Info (12021): Found 2 design units, including 1 entities, in source file RFTest.vhd
    Info (12022): Found design unit 1: RFTest-arch File: /home/burixzura/acads/CS 254/Project/GitHub/IITB-Proc/IITB-Proc/RFTest.vhd Line: 16
    Info (12023): Found entity 1: RFTest File: /home/burixzura/acads/CS 254/Project/GitHub/IITB-Proc/IITB-Proc/RFTest.vhd Line: 7
Info (12021): Found 2 design units, including 1 entities, in source file MemoryTest.vhd
    Info (12022): Found design unit 1: MemoryTest-arch File: /home/burixzura/acads/CS 254/Project/GitHub/IITB-Proc/IITB-Proc/MemoryTest.vhd Line: 12
    Info (12023): Found entity 1: MemoryTest File: /home/burixzura/acads/CS 254/Project/GitHub/IITB-Proc/IITB-Proc/MemoryTest.vhd Line: 5
Info (12021): Found 2 design units, including 1 entities, in source file ALUTest.vhd
    Info (12022): Found design unit 1: ALUTest-arch File: /home/burixzura/acads/CS 254/Project/GitHub/IITB-Proc/IITB-Proc/ALUTest.vhd Line: 12
    Info (12023): Found entity 1: ALUTest File: /home/burixzura/acads/CS 254/Project/GitHub/IITB-Proc/IITB-Proc/ALUTest.vhd Line: 5
Info (12021): Found 2 design units, including 1 entities, in source file LoadTest.vhd
    Info (12022): Found design unit 1: LoadTest-arch File: /home/burixzura/acads/CS 254/Project/GitHub/IITB-Proc/IITB-Proc/LoadTest.vhd Line: 12
    Info (12023): Found entity 1: LoadTest File: /home/burixzura/acads/CS 254/Project/GitHub/IITB-Proc/IITB-Proc/LoadTest.vhd Line: 5
Info (12021): Found 1 design units, including 0 entities, in source file utilities.vhd
    Info (12022): Found design unit 1: utilities File: /home/burixzura/acads/CS 254/Project/GitHub/IITB-Proc/IITB-Proc/utilities.vhd Line: 6
Info (12127): Elaborating entity "IITBProc" for the top level hierarchy
Info (12128): Elaborating entity "ALU" for hierarchy "ALU:Arithmetic" File: /home/burixzura/acads/CS 254/Project/GitHub/IITB-Proc/IITB-Proc/IITBProc.vhd Line: 53
Info (12128): Elaborating entity "Memory" for hierarchy "Memory:RAM" File: /home/burixzura/acads/CS 254/Project/GitHub/IITB-Proc/IITB-Proc/IITBProc.vhd Line: 56
Warning (10492): VHDL Process Statement warning at Memory.vhd(23): signal "store" is read inside the Process Statement but isn't in the Process Statement's sensitivity list File: /home/burixzura/acads/CS 254/Project/GitHub/IITB-Proc/IITB-Proc/Memory.vhd Line: 23
Info (12128): Elaborating entity "RegisterFile" for hierarchy "RegisterFile:Registers" File: /home/burixzura/acads/CS 254/Project/GitHub/IITB-Proc/IITB-Proc/IITBProc.vhd Line: 59
Warning (10492): VHDL Process Statement warning at RegisterFile.vhd(28): signal "store" is read inside the Process Statement but isn't in the Process Statement's sensitivity list File: /home/burixzura/acads/CS 254/Project/GitHub/IITB-Proc/IITB-Proc/RegisterFile.vhd Line: 28
Warning (10492): VHDL Process Statement warning at RegisterFile.vhd(29): signal "store" is read inside the Process Statement but isn't in the Process Statement's sensitivity list File: /home/burixzura/acads/CS 254/Project/GitHub/IITB-Proc/IITB-Proc/RegisterFile.vhd Line: 29
Warning (10631): VHDL Process Statement warning at RegisterFile.vhd(26): inferring latch(es) for signal or variable "store", which holds its previous value in one or more paths through the process File: /home/burixzura/acads/CS 254/Project/GitHub/IITB-Proc/IITB-Proc/RegisterFile.vhd Line: 26
Info (10041): Inferred latch for "store[7][0]" at RegisterFile.vhd(26) File: /home/burixzura/acads/CS 254/Project/GitHub/IITB-Proc/IITB-Proc/RegisterFile.vhd Line: 26
Info (10041): Inferred latch for "store[7][1]" at RegisterFile.vhd(26) File: /home/burixzura/acads/CS 254/Project/GitHub/IITB-Proc/IITB-Proc/RegisterFile.vhd Line: 26
Info (10041): Inferred latch for "store[7][2]" at RegisterFile.vhd(26) File: /home/burixzura/acads/CS 254/Project/GitHub/IITB-Proc/IITB-Proc/RegisterFile.vhd Line: 26
Info (10041): Inferred latch for "store[7][3]" at RegisterFile.vhd(26) File: /home/burixzura/acads/CS 254/Project/GitHub/IITB-Proc/IITB-Proc/RegisterFile.vhd Line: 26
Info (10041): Inferred latch for "store[7][4]" at RegisterFile.vhd(26) File: /home/burixzura/acads/CS 254/Project/GitHub/IITB-Proc/IITB-Proc/RegisterFile.vhd Line: 26
Info (10041): Inferred latch for "store[7][5]" at RegisterFile.vhd(26) File: /home/burixzura/acads/CS 254/Project/GitHub/IITB-Proc/IITB-Proc/RegisterFile.vhd Line: 26
Info (10041): Inferred latch for "store[7][6]" at RegisterFile.vhd(26) File: /home/burixzura/acads/CS 254/Project/GitHub/IITB-Proc/IITB-Proc/RegisterFile.vhd Line: 26
Info (10041): Inferred latch for "store[7][7]" at RegisterFile.vhd(26) File: /home/burixzura/acads/CS 254/Project/GitHub/IITB-Proc/IITB-Proc/RegisterFile.vhd Line: 26
Info (10041): Inferred latch for "store[7][8]" at RegisterFile.vhd(26) File: /home/burixzura/acads/CS 254/Project/GitHub/IITB-Proc/IITB-Proc/RegisterFile.vhd Line: 26
Info (10041): Inferred latch for "store[7][9]" at RegisterFile.vhd(26) File: /home/burixzura/acads/CS 254/Project/GitHub/IITB-Proc/IITB-Proc/RegisterFile.vhd Line: 26
Info (10041): Inferred latch for "store[7][10]" at RegisterFile.vhd(26) File: /home/burixzura/acads/CS 254/Project/GitHub/IITB-Proc/IITB-Proc/RegisterFile.vhd Line: 26
Info (10041): Inferred latch for "store[7][11]" at RegisterFile.vhd(26) File: /home/burixzura/acads/CS 254/Project/GitHub/IITB-Proc/IITB-Proc/RegisterFile.vhd Line: 26
Info (10041): Inferred latch for "store[7][12]" at RegisterFile.vhd(26) File: /home/burixzura/acads/CS 254/Project/GitHub/IITB-Proc/IITB-Proc/RegisterFile.vhd Line: 26
Info (10041): Inferred latch for "store[7][13]" at RegisterFile.vhd(26) File: /home/burixzura/acads/CS 254/Project/GitHub/IITB-Proc/IITB-Proc/RegisterFile.vhd Line: 26
Info (10041): Inferred latch for "store[7][14]" at RegisterFile.vhd(26) File: /home/burixzura/acads/CS 254/Project/GitHub/IITB-Proc/IITB-Proc/RegisterFile.vhd Line: 26
Info (10041): Inferred latch for "store[7][15]" at RegisterFile.vhd(26) File: /home/burixzura/acads/CS 254/Project/GitHub/IITB-Proc/IITB-Proc/RegisterFile.vhd Line: 26
Info (10041): Inferred latch for "store[6][0]" at RegisterFile.vhd(26) File: /home/burixzura/acads/CS 254/Project/GitHub/IITB-Proc/IITB-Proc/RegisterFile.vhd Line: 26
Info (10041): Inferred latch for "store[6][1]" at RegisterFile.vhd(26) File: /home/burixzura/acads/CS 254/Project/GitHub/IITB-Proc/IITB-Proc/RegisterFile.vhd Line: 26
Info (10041): Inferred latch for "store[6][2]" at RegisterFile.vhd(26) File: /home/burixzura/acads/CS 254/Project/GitHub/IITB-Proc/IITB-Proc/RegisterFile.vhd Line: 26
Info (10041): Inferred latch for "store[6][3]" at RegisterFile.vhd(26) File: /home/burixzura/acads/CS 254/Project/GitHub/IITB-Proc/IITB-Proc/RegisterFile.vhd Line: 26
Info (10041): Inferred latch for "store[6][4]" at RegisterFile.vhd(26) File: /home/burixzura/acads/CS 254/Project/GitHub/IITB-Proc/IITB-Proc/RegisterFile.vhd Line: 26
Info (10041): Inferred latch for "store[6][5]" at RegisterFile.vhd(26) File: /home/burixzura/acads/CS 254/Project/GitHub/IITB-Proc/IITB-Proc/RegisterFile.vhd Line: 26
Info (10041): Inferred latch for "store[6][6]" at RegisterFile.vhd(26) File: /home/burixzura/acads/CS 254/Project/GitHub/IITB-Proc/IITB-Proc/RegisterFile.vhd Line: 26
Info (10041): Inferred latch for "store[6][7]" at RegisterFile.vhd(26) File: /home/burixzura/acads/CS 254/Project/GitHub/IITB-Proc/IITB-Proc/RegisterFile.vhd Line: 26
Info (10041): Inferred latch for "store[6][8]" at RegisterFile.vhd(26) File: /home/burixzura/acads/CS 254/Project/GitHub/IITB-Proc/IITB-Proc/RegisterFile.vhd Line: 26
Info (10041): Inferred latch for "store[6][9]" at RegisterFile.vhd(26) File: /home/burixzura/acads/CS 254/Project/GitHub/IITB-Proc/IITB-Proc/RegisterFile.vhd Line: 26
Info (10041): Inferred latch for "store[6][10]" at RegisterFile.vhd(26) File: /home/burixzura/acads/CS 254/Project/GitHub/IITB-Proc/IITB-Proc/RegisterFile.vhd Line: 26
Info (10041): Inferred latch for "store[6][11]" at RegisterFile.vhd(26) File: /home/burixzura/acads/CS 254/Project/GitHub/IITB-Proc/IITB-Proc/RegisterFile.vhd Line: 26
Info (10041): Inferred latch for "store[6][12]" at RegisterFile.vhd(26) File: /home/burixzura/acads/CS 254/Project/GitHub/IITB-Proc/IITB-Proc/RegisterFile.vhd Line: 26
Info (10041): Inferred latch for "store[6][13]" at RegisterFile.vhd(26) File: /home/burixzura/acads/CS 254/Project/GitHub/IITB-Proc/IITB-Proc/RegisterFile.vhd Line: 26
Info (10041): Inferred latch for "store[6][14]" at RegisterFile.vhd(26) File: /home/burixzura/acads/CS 254/Project/GitHub/IITB-Proc/IITB-Proc/RegisterFile.vhd Line: 26
Info (10041): Inferred latch for "store[6][15]" at RegisterFile.vhd(26) File: /home/burixzura/acads/CS 254/Project/GitHub/IITB-Proc/IITB-Proc/RegisterFile.vhd Line: 26
Info (10041): Inferred latch for "store[5][0]" at RegisterFile.vhd(26) File: /home/burixzura/acads/CS 254/Project/GitHub/IITB-Proc/IITB-Proc/RegisterFile.vhd Line: 26
Info (10041): Inferred latch for "store[5][1]" at RegisterFile.vhd(26) File: /home/burixzura/acads/CS 254/Project/GitHub/IITB-Proc/IITB-Proc/RegisterFile.vhd Line: 26
Info (10041): Inferred latch for "store[5][2]" at RegisterFile.vhd(26) File: /home/burixzura/acads/CS 254/Project/GitHub/IITB-Proc/IITB-Proc/RegisterFile.vhd Line: 26
Info (10041): Inferred latch for "store[5][3]" at RegisterFile.vhd(26) File: /home/burixzura/acads/CS 254/Project/GitHub/IITB-Proc/IITB-Proc/RegisterFile.vhd Line: 26
Info (10041): Inferred latch for "store[5][4]" at RegisterFile.vhd(26) File: /home/burixzura/acads/CS 254/Project/GitHub/IITB-Proc/IITB-Proc/RegisterFile.vhd Line: 26
Info (10041): Inferred latch for "store[5][5]" at RegisterFile.vhd(26) File: /home/burixzura/acads/CS 254/Project/GitHub/IITB-Proc/IITB-Proc/RegisterFile.vhd Line: 26
Info (10041): Inferred latch for "store[5][6]" at RegisterFile.vhd(26) File: /home/burixzura/acads/CS 254/Project/GitHub/IITB-Proc/IITB-Proc/RegisterFile.vhd Line: 26
Info (10041): Inferred latch for "store[5][7]" at RegisterFile.vhd(26) File: /home/burixzura/acads/CS 254/Project/GitHub/IITB-Proc/IITB-Proc/RegisterFile.vhd Line: 26
Info (10041): Inferred latch for "store[5][8]" at RegisterFile.vhd(26) File: /home/burixzura/acads/CS 254/Project/GitHub/IITB-Proc/IITB-Proc/RegisterFile.vhd Line: 26
Info (10041): Inferred latch for "store[5][9]" at RegisterFile.vhd(26) File: /home/burixzura/acads/CS 254/Project/GitHub/IITB-Proc/IITB-Proc/RegisterFile.vhd Line: 26
Info (10041): Inferred latch for "store[5][10]" at RegisterFile.vhd(26) File: /home/burixzura/acads/CS 254/Project/GitHub/IITB-Proc/IITB-Proc/RegisterFile.vhd Line: 26
Info (10041): Inferred latch for "store[5][11]" at RegisterFile.vhd(26) File: /home/burixzura/acads/CS 254/Project/GitHub/IITB-Proc/IITB-Proc/RegisterFile.vhd Line: 26
Info (10041): Inferred latch for "store[5][12]" at RegisterFile.vhd(26) File: /home/burixzura/acads/CS 254/Project/GitHub/IITB-Proc/IITB-Proc/RegisterFile.vhd Line: 26
Info (10041): Inferred latch for "store[5][13]" at RegisterFile.vhd(26) File: /home/burixzura/acads/CS 254/Project/GitHub/IITB-Proc/IITB-Proc/RegisterFile.vhd Line: 26
Info (10041): Inferred latch for "store[5][14]" at RegisterFile.vhd(26) File: /home/burixzura/acads/CS 254/Project/GitHub/IITB-Proc/IITB-Proc/RegisterFile.vhd Line: 26
Info (10041): Inferred latch for "store[5][15]" at RegisterFile.vhd(26) File: /home/burixzura/acads/CS 254/Project/GitHub/IITB-Proc/IITB-Proc/RegisterFile.vhd Line: 26
Info (10041): Inferred latch for "store[4][0]" at RegisterFile.vhd(26) File: /home/burixzura/acads/CS 254/Project/GitHub/IITB-Proc/IITB-Proc/RegisterFile.vhd Line: 26
Info (10041): Inferred latch for "store[4][1]" at RegisterFile.vhd(26) File: /home/burixzura/acads/CS 254/Project/GitHub/IITB-Proc/IITB-Proc/RegisterFile.vhd Line: 26
Info (10041): Inferred latch for "store[4][2]" at RegisterFile.vhd(26) File: /home/burixzura/acads/CS 254/Project/GitHub/IITB-Proc/IITB-Proc/RegisterFile.vhd Line: 26
Info (10041): Inferred latch for "store[4][3]" at RegisterFile.vhd(26) File: /home/burixzura/acads/CS 254/Project/GitHub/IITB-Proc/IITB-Proc/RegisterFile.vhd Line: 26
Info (10041): Inferred latch for "store[4][4]" at RegisterFile.vhd(26) File: /home/burixzura/acads/CS 254/Project/GitHub/IITB-Proc/IITB-Proc/RegisterFile.vhd Line: 26
Info (10041): Inferred latch for "store[4][5]" at RegisterFile.vhd(26) File: /home/burixzura/acads/CS 254/Project/GitHub/IITB-Proc/IITB-Proc/RegisterFile.vhd Line: 26
Info (10041): Inferred latch for "store[4][6]" at RegisterFile.vhd(26) File: /home/burixzura/acads/CS 254/Project/GitHub/IITB-Proc/IITB-Proc/RegisterFile.vhd Line: 26
Info (10041): Inferred latch for "store[4][7]" at RegisterFile.vhd(26) File: /home/burixzura/acads/CS 254/Project/GitHub/IITB-Proc/IITB-Proc/RegisterFile.vhd Line: 26
Info (10041): Inferred latch for "store[4][8]" at RegisterFile.vhd(26) File: /home/burixzura/acads/CS 254/Project/GitHub/IITB-Proc/IITB-Proc/RegisterFile.vhd Line: 26
Info (10041): Inferred latch for "store[4][9]" at RegisterFile.vhd(26) File: /home/burixzura/acads/CS 254/Project/GitHub/IITB-Proc/IITB-Proc/RegisterFile.vhd Line: 26
Info (10041): Inferred latch for "store[4][10]" at RegisterFile.vhd(26) File: /home/burixzura/acads/CS 254/Project/GitHub/IITB-Proc/IITB-Proc/RegisterFile.vhd Line: 26
Info (10041): Inferred latch for "store[4][11]" at RegisterFile.vhd(26) File: /home/burixzura/acads/CS 254/Project/GitHub/IITB-Proc/IITB-Proc/RegisterFile.vhd Line: 26
Info (10041): Inferred latch for "store[4][12]" at RegisterFile.vhd(26) File: /home/burixzura/acads/CS 254/Project/GitHub/IITB-Proc/IITB-Proc/RegisterFile.vhd Line: 26
Info (10041): Inferred latch for "store[4][13]" at RegisterFile.vhd(26) File: /home/burixzura/acads/CS 254/Project/GitHub/IITB-Proc/IITB-Proc/RegisterFile.vhd Line: 26
Info (10041): Inferred latch for "store[4][14]" at RegisterFile.vhd(26) File: /home/burixzura/acads/CS 254/Project/GitHub/IITB-Proc/IITB-Proc/RegisterFile.vhd Line: 26
Info (10041): Inferred latch for "store[4][15]" at RegisterFile.vhd(26) File: /home/burixzura/acads/CS 254/Project/GitHub/IITB-Proc/IITB-Proc/RegisterFile.vhd Line: 26
Info (10041): Inferred latch for "store[3][0]" at RegisterFile.vhd(26) File: /home/burixzura/acads/CS 254/Project/GitHub/IITB-Proc/IITB-Proc/RegisterFile.vhd Line: 26
Info (10041): Inferred latch for "store[3][1]" at RegisterFile.vhd(26) File: /home/burixzura/acads/CS 254/Project/GitHub/IITB-Proc/IITB-Proc/RegisterFile.vhd Line: 26
Info (10041): Inferred latch for "store[3][2]" at RegisterFile.vhd(26) File: /home/burixzura/acads/CS 254/Project/GitHub/IITB-Proc/IITB-Proc/RegisterFile.vhd Line: 26
Info (10041): Inferred latch for "store[3][3]" at RegisterFile.vhd(26) File: /home/burixzura/acads/CS 254/Project/GitHub/IITB-Proc/IITB-Proc/RegisterFile.vhd Line: 26
Info (10041): Inferred latch for "store[3][4]" at RegisterFile.vhd(26) File: /home/burixzura/acads/CS 254/Project/GitHub/IITB-Proc/IITB-Proc/RegisterFile.vhd Line: 26
Info (10041): Inferred latch for "store[3][5]" at RegisterFile.vhd(26) File: /home/burixzura/acads/CS 254/Project/GitHub/IITB-Proc/IITB-Proc/RegisterFile.vhd Line: 26
Info (10041): Inferred latch for "store[3][6]" at RegisterFile.vhd(26) File: /home/burixzura/acads/CS 254/Project/GitHub/IITB-Proc/IITB-Proc/RegisterFile.vhd Line: 26
Info (10041): Inferred latch for "store[3][7]" at RegisterFile.vhd(26) File: /home/burixzura/acads/CS 254/Project/GitHub/IITB-Proc/IITB-Proc/RegisterFile.vhd Line: 26
Info (10041): Inferred latch for "store[3][8]" at RegisterFile.vhd(26) File: /home/burixzura/acads/CS 254/Project/GitHub/IITB-Proc/IITB-Proc/RegisterFile.vhd Line: 26
Info (10041): Inferred latch for "store[3][9]" at RegisterFile.vhd(26) File: /home/burixzura/acads/CS 254/Project/GitHub/IITB-Proc/IITB-Proc/RegisterFile.vhd Line: 26
Info (10041): Inferred latch for "store[3][10]" at RegisterFile.vhd(26) File: /home/burixzura/acads/CS 254/Project/GitHub/IITB-Proc/IITB-Proc/RegisterFile.vhd Line: 26
Info (10041): Inferred latch for "store[3][11]" at RegisterFile.vhd(26) File: /home/burixzura/acads/CS 254/Project/GitHub/IITB-Proc/IITB-Proc/RegisterFile.vhd Line: 26
Info (10041): Inferred latch for "store[3][12]" at RegisterFile.vhd(26) File: /home/burixzura/acads/CS 254/Project/GitHub/IITB-Proc/IITB-Proc/RegisterFile.vhd Line: 26
Info (10041): Inferred latch for "store[3][13]" at RegisterFile.vhd(26) File: /home/burixzura/acads/CS 254/Project/GitHub/IITB-Proc/IITB-Proc/RegisterFile.vhd Line: 26
Info (10041): Inferred latch for "store[3][14]" at RegisterFile.vhd(26) File: /home/burixzura/acads/CS 254/Project/GitHub/IITB-Proc/IITB-Proc/RegisterFile.vhd Line: 26
Info (10041): Inferred latch for "store[3][15]" at RegisterFile.vhd(26) File: /home/burixzura/acads/CS 254/Project/GitHub/IITB-Proc/IITB-Proc/RegisterFile.vhd Line: 26
Info (10041): Inferred latch for "store[2][0]" at RegisterFile.vhd(26) File: /home/burixzura/acads/CS 254/Project/GitHub/IITB-Proc/IITB-Proc/RegisterFile.vhd Line: 26
Info (10041): Inferred latch for "store[2][1]" at RegisterFile.vhd(26) File: /home/burixzura/acads/CS 254/Project/GitHub/IITB-Proc/IITB-Proc/RegisterFile.vhd Line: 26
Info (10041): Inferred latch for "store[2][2]" at RegisterFile.vhd(26) File: /home/burixzura/acads/CS 254/Project/GitHub/IITB-Proc/IITB-Proc/RegisterFile.vhd Line: 26
Info (10041): Inferred latch for "store[2][3]" at RegisterFile.vhd(26) File: /home/burixzura/acads/CS 254/Project/GitHub/IITB-Proc/IITB-Proc/RegisterFile.vhd Line: 26
Info (10041): Inferred latch for "store[2][4]" at RegisterFile.vhd(26) File: /home/burixzura/acads/CS 254/Project/GitHub/IITB-Proc/IITB-Proc/RegisterFile.vhd Line: 26
Info (10041): Inferred latch for "store[2][5]" at RegisterFile.vhd(26) File: /home/burixzura/acads/CS 254/Project/GitHub/IITB-Proc/IITB-Proc/RegisterFile.vhd Line: 26
Info (10041): Inferred latch for "store[2][6]" at RegisterFile.vhd(26) File: /home/burixzura/acads/CS 254/Project/GitHub/IITB-Proc/IITB-Proc/RegisterFile.vhd Line: 26
Info (10041): Inferred latch for "store[2][7]" at RegisterFile.vhd(26) File: /home/burixzura/acads/CS 254/Project/GitHub/IITB-Proc/IITB-Proc/RegisterFile.vhd Line: 26
Info (10041): Inferred latch for "store[2][8]" at RegisterFile.vhd(26) File: /home/burixzura/acads/CS 254/Project/GitHub/IITB-Proc/IITB-Proc/RegisterFile.vhd Line: 26
Info (10041): Inferred latch for "store[2][9]" at RegisterFile.vhd(26) File: /home/burixzura/acads/CS 254/Project/GitHub/IITB-Proc/IITB-Proc/RegisterFile.vhd Line: 26
Info (10041): Inferred latch for "store[2][10]" at RegisterFile.vhd(26) File: /home/burixzura/acads/CS 254/Project/GitHub/IITB-Proc/IITB-Proc/RegisterFile.vhd Line: 26
Info (10041): Inferred latch for "store[2][11]" at RegisterFile.vhd(26) File: /home/burixzura/acads/CS 254/Project/GitHub/IITB-Proc/IITB-Proc/RegisterFile.vhd Line: 26
Info (10041): Inferred latch for "store[2][12]" at RegisterFile.vhd(26) File: /home/burixzura/acads/CS 254/Project/GitHub/IITB-Proc/IITB-Proc/RegisterFile.vhd Line: 26
Info (10041): Inferred latch for "store[2][13]" at RegisterFile.vhd(26) File: /home/burixzura/acads/CS 254/Project/GitHub/IITB-Proc/IITB-Proc/RegisterFile.vhd Line: 26
Info (10041): Inferred latch for "store[2][14]" at RegisterFile.vhd(26) File: /home/burixzura/acads/CS 254/Project/GitHub/IITB-Proc/IITB-Proc/RegisterFile.vhd Line: 26
Info (10041): Inferred latch for "store[2][15]" at RegisterFile.vhd(26) File: /home/burixzura/acads/CS 254/Project/GitHub/IITB-Proc/IITB-Proc/RegisterFile.vhd Line: 26
Info (10041): Inferred latch for "store[1][0]" at RegisterFile.vhd(26) File: /home/burixzura/acads/CS 254/Project/GitHub/IITB-Proc/IITB-Proc/RegisterFile.vhd Line: 26
Info (10041): Inferred latch for "store[1][1]" at RegisterFile.vhd(26) File: /home/burixzura/acads/CS 254/Project/GitHub/IITB-Proc/IITB-Proc/RegisterFile.vhd Line: 26
Info (10041): Inferred latch for "store[1][2]" at RegisterFile.vhd(26) File: /home/burixzura/acads/CS 254/Project/GitHub/IITB-Proc/IITB-Proc/RegisterFile.vhd Line: 26
Info (10041): Inferred latch for "store[1][3]" at RegisterFile.vhd(26) File: /home/burixzura/acads/CS 254/Project/GitHub/IITB-Proc/IITB-Proc/RegisterFile.vhd Line: 26
Info (10041): Inferred latch for "store[1][4]" at RegisterFile.vhd(26) File: /home/burixzura/acads/CS 254/Project/GitHub/IITB-Proc/IITB-Proc/RegisterFile.vhd Line: 26
Info (10041): Inferred latch for "store[1][5]" at RegisterFile.vhd(26) File: /home/burixzura/acads/CS 254/Project/GitHub/IITB-Proc/IITB-Proc/RegisterFile.vhd Line: 26
Info (10041): Inferred latch for "store[1][6]" at RegisterFile.vhd(26) File: /home/burixzura/acads/CS 254/Project/GitHub/IITB-Proc/IITB-Proc/RegisterFile.vhd Line: 26
Info (10041): Inferred latch for "store[1][7]" at RegisterFile.vhd(26) File: /home/burixzura/acads/CS 254/Project/GitHub/IITB-Proc/IITB-Proc/RegisterFile.vhd Line: 26
Info (10041): Inferred latch for "store[1][8]" at RegisterFile.vhd(26) File: /home/burixzura/acads/CS 254/Project/GitHub/IITB-Proc/IITB-Proc/RegisterFile.vhd Line: 26
Info (10041): Inferred latch for "store[1][9]" at RegisterFile.vhd(26) File: /home/burixzura/acads/CS 254/Project/GitHub/IITB-Proc/IITB-Proc/RegisterFile.vhd Line: 26
Info (10041): Inferred latch for "store[1][10]" at RegisterFile.vhd(26) File: /home/burixzura/acads/CS 254/Project/GitHub/IITB-Proc/IITB-Proc/RegisterFile.vhd Line: 26
Info (10041): Inferred latch for "store[1][11]" at RegisterFile.vhd(26) File: /home/burixzura/acads/CS 254/Project/GitHub/IITB-Proc/IITB-Proc/RegisterFile.vhd Line: 26
Info (10041): Inferred latch for "store[1][12]" at RegisterFile.vhd(26) File: /home/burixzura/acads/CS 254/Project/GitHub/IITB-Proc/IITB-Proc/RegisterFile.vhd Line: 26
Info (10041): Inferred latch for "store[1][13]" at RegisterFile.vhd(26) File: /home/burixzura/acads/CS 254/Project/GitHub/IITB-Proc/IITB-Proc/RegisterFile.vhd Line: 26
Info (10041): Inferred latch for "store[1][14]" at RegisterFile.vhd(26) File: /home/burixzura/acads/CS 254/Project/GitHub/IITB-Proc/IITB-Proc/RegisterFile.vhd Line: 26
Info (10041): Inferred latch for "store[1][15]" at RegisterFile.vhd(26) File: /home/burixzura/acads/CS 254/Project/GitHub/IITB-Proc/IITB-Proc/RegisterFile.vhd Line: 26
Info (10041): Inferred latch for "store[0][0]" at RegisterFile.vhd(26) File: /home/burixzura/acads/CS 254/Project/GitHub/IITB-Proc/IITB-Proc/RegisterFile.vhd Line: 26
Info (10041): Inferred latch for "store[0][1]" at RegisterFile.vhd(26) File: /home/burixzura/acads/CS 254/Project/GitHub/IITB-Proc/IITB-Proc/RegisterFile.vhd Line: 26
Info (10041): Inferred latch for "store[0][2]" at RegisterFile.vhd(26) File: /home/burixzura/acads/CS 254/Project/GitHub/IITB-Proc/IITB-Proc/RegisterFile.vhd Line: 26
Info (10041): Inferred latch for "store[0][3]" at RegisterFile.vhd(26) File: /home/burixzura/acads/CS 254/Project/GitHub/IITB-Proc/IITB-Proc/RegisterFile.vhd Line: 26
Info (10041): Inferred latch for "store[0][4]" at RegisterFile.vhd(26) File: /home/burixzura/acads/CS 254/Project/GitHub/IITB-Proc/IITB-Proc/RegisterFile.vhd Line: 26
Info (10041): Inferred latch for "store[0][5]" at RegisterFile.vhd(26) File: /home/burixzura/acads/CS 254/Project/GitHub/IITB-Proc/IITB-Proc/RegisterFile.vhd Line: 26
Info (10041): Inferred latch for "store[0][6]" at RegisterFile.vhd(26) File: /home/burixzura/acads/CS 254/Project/GitHub/IITB-Proc/IITB-Proc/RegisterFile.vhd Line: 26
Info (10041): Inferred latch for "store[0][7]" at RegisterFile.vhd(26) File: /home/burixzura/acads/CS 254/Project/GitHub/IITB-Proc/IITB-Proc/RegisterFile.vhd Line: 26
Info (10041): Inferred latch for "store[0][8]" at RegisterFile.vhd(26) File: /home/burixzura/acads/CS 254/Project/GitHub/IITB-Proc/IITB-Proc/RegisterFile.vhd Line: 26
Info (10041): Inferred latch for "store[0][9]" at RegisterFile.vhd(26) File: /home/burixzura/acads/CS 254/Project/GitHub/IITB-Proc/IITB-Proc/RegisterFile.vhd Line: 26
Info (10041): Inferred latch for "store[0][10]" at RegisterFile.vhd(26) File: /home/burixzura/acads/CS 254/Project/GitHub/IITB-Proc/IITB-Proc/RegisterFile.vhd Line: 26
Info (10041): Inferred latch for "store[0][11]" at RegisterFile.vhd(26) File: /home/burixzura/acads/CS 254/Project/GitHub/IITB-Proc/IITB-Proc/RegisterFile.vhd Line: 26
Info (10041): Inferred latch for "store[0][12]" at RegisterFile.vhd(26) File: /home/burixzura/acads/CS 254/Project/GitHub/IITB-Proc/IITB-Proc/RegisterFile.vhd Line: 26
Info (10041): Inferred latch for "store[0][13]" at RegisterFile.vhd(26) File: /home/burixzura/acads/CS 254/Project/GitHub/IITB-Proc/IITB-Proc/RegisterFile.vhd Line: 26
Info (10041): Inferred latch for "store[0][14]" at RegisterFile.vhd(26) File: /home/burixzura/acads/CS 254/Project/GitHub/IITB-Proc/IITB-Proc/RegisterFile.vhd Line: 26
Info (10041): Inferred latch for "store[0][15]" at RegisterFile.vhd(26) File: /home/burixzura/acads/CS 254/Project/GitHub/IITB-Proc/IITB-Proc/RegisterFile.vhd Line: 26
Info (17049): 6 registers lost all their fanouts during netlist optimizations.
Info (21057): Implemented 17487 device resources after synthesis - the final resource count might be different
    Info (21058): Implemented 18 input pins
    Info (21059): Implemented 129 output pins
    Info (21061): Implemented 17340 logic cells
Info: Quartus Prime Analysis & Synthesis was successful. 0 errors, 5 warnings
    Info: Peak virtual memory: 418 megabytes
    Info: Processing ended: Thu May 20 21:36:59 2021
    Info: Elapsed time: 00:00:18
    Info: Total CPU time (on all processors): 00:00:32


